add_library(expected INTERFACE)
target_include_directories(expected INTERFACE ./include)